﻿
> new_portfolio@0.0.0 build
> vite build

[36mvite v6.3.5 [32mbuilding for production...[36m[39m
transforming...
[32mΓ£ô[39m 3 modules transformed.
node.exe : 
[31mΓ£ù[39m Build 
failed in 94ms
At line:1 char:1
+ & "C:\Program Files\
nodejs/node.exe" 
"C:\Program 
Files\nodejs/node_mo 
...
+ ~~~~~~~~~~~~~~~~~~~~
~~~~~~~~~~~~~~~~~~~~~~
~~~~~~~~~~~~~~~~~~~~~~
~~~~~
    + CategoryInfo    
          : NotSpeci  
  fied: ([31mΓ£ù[   
 39m Build failed     
in 94ms:String) [    
], RemoteExceptio    n
    + FullyQualifiedE 
   rrorId : NativeCo  
  mmandError
 
[31merror during 
build:
[31m[vite:css] 
Failed to load 
PostCSS config 
(searchPath: C:/Users/
Karan/Desktop/my_portf
olio): [Error] 
Loading PostCSS 
Plugin failed: Cannot 
find module 
'@tailwindcss/postcss'
Require stack:
- C:\Users\Karan\Deskt
op\my_portfolio\postcs
s.config.js

(@C:\Users\Karan\Deskt
op\my_portfolio\postcs
s.config.js)
Error: Loading 
PostCSS Plugin 
failed: Cannot find 
module 
'@tailwindcss/postcss'
Require stack:
- C:\Users\Karan\Deskt
op\my_portfolio\postcs
s.config.js

(@C:\Users\Karan\Deskt
op\my_portfolio\postcs
s.config.js)
    at load (file:///C
:/Users/Karan/node_mod
ules/vite/dist/node/ch
unks/dep-DBxKXgDP.js:1
1776:11)
    at async 
Promise.all (index 0)
    at async plugins (
file:///C:/Users/Karan
/node_modules/vite/dis
t/node/chunks/dep-DBxK
XgDP.js:11805:12)
    at async 
processResult (file://
/C:/Users/Karan/node_m
odules/vite/dist/node/
chunks/dep-DBxKXgDP.js
:11876:14)[31m
file: [36mC:/Users/Ka
ran/Desktop/my_portfol
io/src/index.css[31m
[39m
